1110330110103/222.01110330110103/222.01110ss010101soPqï0