===== Global Symbol Table =====
putchar	int(int)
getchar	int(void)
main	int(void)

===== Function main Symbol Table =====
return	int

Program
..FuncDefinition
....Int
....Id(main)
....ParamList
......ParamDeclaration
........Void
....FuncBody
......ChrLit(' ') - int
......ChrLit('!') - int
......ChrLit('"') - int
......ChrLit('#') - int
......ChrLit('$') - int
......ChrLit('%') - int
......ChrLit('&') - int
......ChrLit('(') - int
......ChrLit(')') - int
......ChrLit('*') - int
......ChrLit('+') - int
......ChrLit(',') - int
......ChrLit('-') - int
......ChrLit('.') - int
......ChrLit('/') - int
......ChrLit('0') - int
......ChrLit('1') - int
......ChrLit('2') - int
......ChrLit('3') - int
......ChrLit('4') - int
......ChrLit('5') - int
......ChrLit('6') - int
......ChrLit('7') - int
......ChrLit('8') - int
......ChrLit('9') - int
......ChrLit(':') - int
......ChrLit(';') - int
......ChrLit('<') - int
......ChrLit('=') - int
......ChrLit('>') - int
......ChrLit('?') - int
......ChrLit('@') - int
......ChrLit('A') - int
......ChrLit('B') - int
......ChrLit('C') - int
......ChrLit('D') - int
......ChrLit('E') - int
......ChrLit('F') - int
......ChrLit('G') - int
......ChrLit('H') - int
......ChrLit('I') - int
......ChrLit('J') - int
......ChrLit('K') - int
......ChrLit('L') - int
......ChrLit('M') - int
......ChrLit('N') - int
......ChrLit('O') - int
......ChrLit('P') - int
......ChrLit('Q') - int
......ChrLit('R') - int
......ChrLit('S') - int
......ChrLit('T') - int
......ChrLit('U') - int
......ChrLit('V') - int
......ChrLit('W') - int
......ChrLit('X') - int
......ChrLit('Y') - int
......ChrLit('Z') - int
......ChrLit('[') - int
......ChrLit(']') - int
......ChrLit('^') - int
......ChrLit('_') - int
......ChrLit('`') - int
......ChrLit('a') - int
......ChrLit('b') - int
......ChrLit('c') - int
......ChrLit('d') - int
......ChrLit('e') - int
......ChrLit('f') - int
......ChrLit('g') - int
......ChrLit('h') - int
......ChrLit('i') - int
......ChrLit('j') - int
......ChrLit('k') - int
......ChrLit('l') - int
......ChrLit('m') - int
......ChrLit('n') - int
......ChrLit('o') - int
......ChrLit('p') - int
......ChrLit('q') - int
......ChrLit('r') - int
......ChrLit('s') - int
......ChrLit('t') - int
......ChrLit('u') - int
......ChrLit('v') - int
......ChrLit('w') - int
......ChrLit('x') - int
......ChrLit('y') - int
......ChrLit('z') - int
......ChrLit('{') - int
......ChrLit('|') - int
......ChrLit('}') - int
......ChrLit('~') - int
......ChrLit('\n') - int
......ChrLit('\t') - int
......ChrLit('\\') - int
......ChrLit('\"') - int
......ChrLit('\'') - int
......ChrLit('\0') - int
......ChrLit('\1') - int
......ChrLit('\2') - int
......ChrLit('\3') - int
......ChrLit('\4') - int
......ChrLit('\5') - int
......ChrLit('\6') - int
......ChrLit('\7') - int
......ChrLit('\10') - int
......ChrLit('\11') - int
......ChrLit('\12') - int
......ChrLit('\13') - int
......ChrLit('\14') - int
......ChrLit('\15') - int
......ChrLit('\16') - int
......ChrLit('\17') - int
......ChrLit('\20') - int
......ChrLit('\21') - int
......ChrLit('\22') - int
......ChrLit('\23') - int
......ChrLit('\24') - int
......ChrLit('\25') - int
......ChrLit('\26') - int
......ChrLit('\27') - int
......ChrLit('\30') - int
......ChrLit('\31') - int
......ChrLit('\32') - int
......ChrLit('\33') - int
......ChrLit('\34') - int
......ChrLit('\35') - int
......ChrLit('\36') - int
......ChrLit('\37') - int
......ChrLit('\40') - int
......ChrLit('\41') - int
......ChrLit('\42') - int
......ChrLit('\43') - int
......ChrLit('\44') - int
......ChrLit('\45') - int
......ChrLit('\46') - int
......ChrLit('\47') - int
......ChrLit('\50') - int
......ChrLit('\51') - int
......ChrLit('\52') - int
......ChrLit('\53') - int
......ChrLit('\54') - int
......ChrLit('\55') - int
......ChrLit('\56') - int
......ChrLit('\57') - int
......ChrLit('\60') - int
......ChrLit('\61') - int
......ChrLit('\62') - int
......ChrLit('\63') - int
......ChrLit('\64') - int
......ChrLit('\65') - int
......ChrLit('\66') - int
......ChrLit('\67') - int
......ChrLit('\70') - int
......ChrLit('\71') - int
......ChrLit('\72') - int
......ChrLit('\73') - int
......ChrLit('\74') - int
......ChrLit('\75') - int
......ChrLit('\76') - int
......ChrLit('\77') - int
......ChrLit('\100') - int
......ChrLit('\101') - int
......ChrLit('\102') - int
......ChrLit('\103') - int
......ChrLit('\104') - int
......ChrLit('\105') - int
......ChrLit('\106') - int
......ChrLit('\107') - int
......ChrLit('\110') - int
......ChrLit('\111') - int
......ChrLit('\112') - int
......ChrLit('\113') - int
......ChrLit('\114') - int
......ChrLit('\115') - int
......ChrLit('\116') - int
......ChrLit('\117') - int
......ChrLit('\120') - int
......ChrLit('\121') - int
......ChrLit('\122') - int
......ChrLit('\123') - int
......ChrLit('\124') - int
......ChrLit('\125') - int
......ChrLit('\126') - int
......ChrLit('\127') - int
......ChrLit('\130') - int
......ChrLit('\131') - int
......ChrLit('\132') - int
......ChrLit('\133') - int
......ChrLit('\134') - int
......ChrLit('\135') - int
......ChrLit('\136') - int
......ChrLit('\137') - int
......ChrLit('\140') - int
......ChrLit('\141') - int
......ChrLit('\142') - int
......ChrLit('\143') - int
......ChrLit('\144') - int
......ChrLit('\145') - int
......ChrLit('\146') - int
......ChrLit('\147') - int
......ChrLit('\150') - int
......ChrLit('\151') - int
......ChrLit('\152') - int
......ChrLit('\153') - int
......ChrLit('\154') - int
......ChrLit('\155') - int
......ChrLit('\156') - int
......ChrLit('\157') - int
......ChrLit('\160') - int
......ChrLit('\161') - int
......ChrLit('\162') - int
......ChrLit('\163') - int
......ChrLit('\164') - int
......ChrLit('\165') - int
......ChrLit('\166') - int
......ChrLit('\167') - int
......ChrLit('\170') - int
......ChrLit('\171') - int
......ChrLit('\172') - int
......ChrLit('\173') - int
......ChrLit('\174') - int
......ChrLit('\175') - int
......ChrLit('\176') - int
......ChrLit('\177') - int
......ChrLit('\200') - int
......ChrLit('\201') - int
......ChrLit('\202') - int
......ChrLit('\203') - int
......ChrLit('\204') - int
......ChrLit('\205') - int
......ChrLit('\206') - int
......ChrLit('\207') - int
......ChrLit('\210') - int
......ChrLit('\211') - int
......ChrLit('\212') - int
......ChrLit('\213') - int
......ChrLit('\214') - int
......ChrLit('\215') - int
......ChrLit('\216') - int
......ChrLit('\217') - int
......ChrLit('\220') - int
......ChrLit('\221') - int
......ChrLit('\222') - int
......ChrLit('\223') - int
......ChrLit('\224') - int
......ChrLit('\225') - int
......ChrLit('\226') - int
......ChrLit('\227') - int
......ChrLit('\230') - int
......ChrLit('\231') - int
......ChrLit('\232') - int
......ChrLit('\233') - int
......ChrLit('\234') - int
......ChrLit('\235') - int
......ChrLit('\236') - int
......ChrLit('\237') - int
......ChrLit('\240') - int
......ChrLit('\241') - int
......ChrLit('\242') - int
......ChrLit('\243') - int
......ChrLit('\244') - int
......ChrLit('\245') - int
......ChrLit('\246') - int
......ChrLit('\247') - int
......ChrLit('\250') - int
......ChrLit('\251') - int
......ChrLit('\252') - int
......ChrLit('\253') - int
......ChrLit('\254') - int
......ChrLit('\255') - int
......ChrLit('\256') - int
......ChrLit('\257') - int
......ChrLit('\260') - int
......ChrLit('\261') - int
......ChrLit('\262') - int
......ChrLit('\263') - int
......ChrLit('\264') - int
......ChrLit('\265') - int
......ChrLit('\266') - int
......ChrLit('\267') - int
......ChrLit('\270') - int
......ChrLit('\271') - int
......ChrLit('\272') - int
......ChrLit('\273') - int
......ChrLit('\274') - int
......ChrLit('\275') - int
......ChrLit('\276') - int
......ChrLit('\277') - int
......ChrLit('\300') - int
......ChrLit('\301') - int
......ChrLit('\302') - int
......ChrLit('\303') - int
......ChrLit('\304') - int
......ChrLit('\305') - int
......ChrLit('\306') - int
......ChrLit('\307') - int
......ChrLit('\310') - int
......ChrLit('\311') - int
......ChrLit('\312') - int
......ChrLit('\313') - int
......ChrLit('\314') - int
......ChrLit('\315') - int
......ChrLit('\316') - int
......ChrLit('\317') - int
......ChrLit('\320') - int
......ChrLit('\321') - int
......ChrLit('\322') - int
......ChrLit('\323') - int
......ChrLit('\324') - int
......ChrLit('\325') - int
......ChrLit('\326') - int
......ChrLit('\327') - int
......ChrLit('\330') - int
......ChrLit('\331') - int
......ChrLit('\332') - int
......ChrLit('\333') - int
......ChrLit('\334') - int
......ChrLit('\335') - int
......ChrLit('\336') - int
......ChrLit('\337') - int
......ChrLit('\340') - int
......ChrLit('\341') - int
......ChrLit('\342') - int
......ChrLit('\343') - int
......ChrLit('\344') - int
......ChrLit('\345') - int
......ChrLit('\346') - int
......ChrLit('\347') - int
......ChrLit('\350') - int
......ChrLit('\351') - int
......ChrLit('\352') - int
......ChrLit('\353') - int
......ChrLit('\354') - int
......ChrLit('\355') - int
......ChrLit('\356') - int
......ChrLit('\357') - int
......ChrLit('\360') - int
......ChrLit('\361') - int
......ChrLit('\362') - int
......ChrLit('\363') - int
......ChrLit('\364') - int
......ChrLit('\365') - int
......ChrLit('\366') - int
......ChrLit('\367') - int
......ChrLit('\370') - int
......ChrLit('\371') - int
......ChrLit('\372') - int
......ChrLit('\373') - int
......ChrLit('\374') - int
......ChrLit('\375') - int
......ChrLit('\376') - int
......ChrLit('\377') - int
......ChrLit('\000') - int
......ChrLit('\001') - int
......ChrLit('\002') - int
......ChrLit('\003') - int
......ChrLit('\004') - int
......ChrLit('\005') - int
......ChrLit('\006') - int
......ChrLit('\007') - int
......ChrLit('\010') - int
......ChrLit('\011') - int
......ChrLit('\012') - int
......ChrLit('\013') - int
......ChrLit('\014') - int
......ChrLit('\015') - int
......ChrLit('\016') - int
......ChrLit('\017') - int
......ChrLit('\020') - int
......ChrLit('\021') - int
......ChrLit('\022') - int
......ChrLit('\023') - int
......ChrLit('\024') - int
......ChrLit('\025') - int
......ChrLit('\026') - int
......ChrLit('\027') - int
......ChrLit('\030') - int
......ChrLit('\031') - int
......ChrLit('\032') - int
......ChrLit('\033') - int
......ChrLit('\034') - int
......ChrLit('\035') - int
......ChrLit('\036') - int
......ChrLit('\037') - int
......ChrLit('\040') - int
......ChrLit('\041') - int
......ChrLit('\042') - int
......ChrLit('\043') - int
......ChrLit('\044') - int
......ChrLit('\045') - int
......ChrLit('\046') - int
......ChrLit('\047') - int
......ChrLit('\050') - int
......ChrLit('\051') - int
......ChrLit('\052') - int
......ChrLit('\053') - int
......ChrLit('\054') - int
......ChrLit('\055') - int
......ChrLit('\056') - int
......ChrLit('\057') - int
......ChrLit('\060') - int
......ChrLit('\061') - int
......ChrLit('\062') - int
......ChrLit('\063') - int
......ChrLit('\064') - int
......ChrLit('\065') - int
......ChrLit('\066') - int
......ChrLit('\067') - int
......ChrLit('\070') - int
......ChrLit('\071') - int
......ChrLit('\072') - int
......ChrLit('\073') - int
......ChrLit('\074') - int
......ChrLit('\075') - int
......ChrLit('\076') - int
......ChrLit('\077') - int
......ChrLit('\00') - int
......ChrLit('\01') - int
......ChrLit('\02') - int
......ChrLit('\03') - int
......ChrLit('\04') - int
......ChrLit('\05') - int
......ChrLit('\06') - int
......ChrLit('\07') - int
......IntLit(0) - int
......IntLit(00) - int
......IntLit(0000) - int
......IntLit(1) - int
......IntLit(2) - int
......IntLit(3) - int
......IntLit(10) - int
......IntLit(100) - int
......IntLit(1000) - int
......IntLit(10000) - int
......IntLit(0) - int
......IntLit(00) - int
......IntLit(0000) - int
......IntLit(01) - int
......IntLit(02) - int
......IntLit(03) - int
......IntLit(010) - int
......IntLit(0100) - int
......IntLit(01000) - int
......IntLit(010000) - int
