100100100100398
20120120120115351500
30330330330341006603
40640640640677470707
510510510510125052812
BA