Line 26, col 2: illegal character ($)
Line 30, col 3: illegal character (:)
Line 35, col 2: illegal character (@)
Program
..FuncDefinition
....Void
....Id(f)
....ParamList
......ParamDeclaration
........Int
........Id(x)
......ParamDeclaration
........Int
........Id(y)
......ParamDeclaration
........Int
........Id(z)
....FuncBody
......Return
........Null
..FuncDeclaration
....Void
....Id(f)
....ParamList
......ParamDeclaration
........Int
........Id(x)
......ParamDeclaration
........Int
........Id(y)
......ParamDeclaration
........Int
........Id(z)
..FuncDefinition
....Int
....Id(main)
....ParamList
......ParamDeclaration
........Void
....FuncBody
......Declaration
........Int
........Id(a)
......Declaration
........Int
........Id(x)
........IntLit(3)
......Declaration
........Int
........Id(y)
........IntLit(2)
......Declaration
........Int
........Id(z)
........IntLit(4)
......If
........Eq
..........Id(x)
..........IntLit(100)
........If
..........Eq
............Id(y)
............Id(x)
..........Call
............Id(f)
............Comma
..............Id(x)
..............Comma
................Id(y)
................Id(z)
..........Null
........Null
......While
........Store
..........Id(a)
..........IntLit(2)
........If
..........Eq
............Id(a)
............Id(z)
..........Call
............Id(putchar)
............ChrLit('l')
..........Null
......Call
........Id(f)
........Comma
..........Add
............Id(x)
............Id(y)
..........Add
............Id(z)
............IntLit(2)
........Div
..........Not
............Add
..............Not
................Id(a)
..............IntLit(2)
..........IntLit(2)
......Store
........Id(a)
........Add
..........Id(a)
..........IntLit(1)
......Call
........Id(nesting_depth)
........Call
..........Id(f)
..........IntLit(1)
..........IntLit(2)
..........Call
............Id(g)
............IntLit(3)
............IntLit(4)
............IntLit(5)
..........IntLit(6)
......If
........BitWiseOr
..........BitWiseAnd
............BitWiseOr
..............Id(x)
..............Id(y)
............Id(c1)
..........BitWiseAnd
............Id(y)
............Id(c2)
........Store
..........Id(x)
..........Eq
............Id(x)
............IntLit(2)
........Store
..........Id(a)
..........BitWiseAnd
............Id(x)
............Id(y)
