Program
..FuncDefinition
....Int
....Id(main)
....ParamList
......ParamDeclaration
........Void
....FuncBody
......While
........Id(a)
........Return
..........Minus
............IntLit(1)
......If
........Eq
..........Id(a)
..........IntLit(2)
........Null
........Null
......If
........Eq
..........Id(a)
..........IntLit(2)
........Return
..........Id(a)
........Return
..........IntLit(5)
......While
........Eq
..........Id(b)
..........IntLit(3)
........StatList
..........If
............Eq
..............Id(a)
..............IntLit(2)
............Return
..............Id(a)
............Null
..........StatList
............If
..............Eq
................Id(a)
................IntLit(2)
..............Return
................Id(a)
..............Null
............If
..............Eq
................Id(a)
................IntLit(2)
..............Return
................Id(a)
..............Return
................IntLit(5)
............If
..............Eq
................Id(a)
................IntLit(2)
..............Return
................Id(a)
..............Null
............If
..............Eq
................Id(a)
................IntLit(2)
..............Return
................Id(a)
..............Return
................IntLit(5)
............If
..............Eq
................Id(a)
................IntLit(2)
..............Return
................Id(a)
..............Return
................IntLit(5)
..........Return
............IntLit(90)
