Program
..FuncDefinition
....Id
....Id(main)
....FuncBody
......Call
........Id(func1)
........Comma
..........Comma
............IntLit(1)
............IntLit(2)
..........IntLit(3)
......Call
........Id(func2)
........Comma
..........Comma
............IntLit(1)
............IntLit(2)
..........IntLit(3)
......If
........Id(a)
......If
........Id(a)
......If
........Id(a)
......If
........Id(a)
......While
........Id(a)
........StatList
..........Store
............Id(statement2)
............IntLit(2)
......While
........Id(a)
........Null
......While
........Id(a)
........Null
......While
........Id(a)
........StatList
..........Store
............Id(statement1)
............IntLit(1)
..........Store
............Id(statement2)
............IntLit(2)
..........Store
............Id(statement3)
............IntLit(3)
......StatList
........Null
......StatList
........Store
..........Id(statement1)
..........IntLit(1)
......StatList
........Store
..........Id(statement1)
..........IntLit(1)
........Store
..........Id(statement2)
..........IntLit(2)
......Return
........IntLit(0)
......Return
........Null
