Line 1, col 1: illegal character (\)
Line 1, col 2: unterminated char constant
Line 2, col 1: unterminated char constant
Line 3, col 1: unterminated char constant
Line 4, col 1: unterminated char constant
Line 5, col 1: invalid char constant ('\\\'')
Line 6, col 1: invalid char constant ('\\\\')
CHRLIT('\\')
Line 8, col 1: unterminated char constant
CHRLIT('\'')
ID(ola)
ID(ola)
Line 10, col 1: invalid char constant ('\   ola ola')
Line 11, col 1: illegal character (\)
Line 11, col 2: unterminated char constant
Line 12, col 1: unterminated char constant
Line 13, col 1: invalid char constant ('id \\ ola ')
ID(ola)
Line 13, col 18: unterminated char constant
Line 14, col 1: unterminated char constant
Line 15, col 1: invalid char constant ('')
Line 15, col 3: unterminated char constant
Line 16, col 1: invalid char constant ('')
Line 17, col 1: unterminated char constant
Line 20, col 1: invalid char constant ('eeee')
Line 22, col 1: unterminated char constant
Line 26, col 5: invalid char constant ('asd')
CHRLIT('\\')
