declare i32 @putchar(...)
declare i32 @getchar(...)


define i32 @main() {
	ret i32 0
}
