Line 2, col 3: syntax error: =
Line 9, col 3: syntax error: =
Line 14, col 9: syntax error: ==
Line 15, col 8: syntax error: ==
Line 16, col 5: syntax error: ==
