Program
..FuncDeclaration
....Int
....Id(main)
....ParamList
......ParamDeclaration
........Void
..FuncDeclaration
....Int
....Id(main)
....ParamList
......ParamDeclaration
........Void
......ParamDeclaration
........Int
..FuncDeclaration
....Void
....Id(chara)
....ParamList
......ParamDeclaration
........Int
........Id(integer)
......ParamDeclaration
........Double
......ParamDeclaration
........Void
........Id(a)
......ParamDeclaration
........Double
......ParamDeclaration
........Int
......ParamDeclaration
........Char
..Declaration
....Int
....Id(a)
....IntLit(2)
..Declaration
....Void
....Id(as)
....Add
......IntLit(2)
......IntLit(2)
..Declaration
....Double
....Id(a)
....Sub
......Sub
........Sub
..........IntLit(2)
..........IntLit(2)
........IntLit(2)
......Mul
........Mul
..........IntLit(2)
..........IntLit(2)
........IntLit(2)
..Declaration
....Double
....Id(bs)
....Add
......IntLit(2)
......IntLit(2)
..Declaration
....Double
....Id(test)
..Declaration
....Void
....Id(a)
....Sub
......IntLit(2)
......Add
........Sub
..........Id(as)
..........Id(aasd)
........Mul
..........IntLit(2)
..........IntLit(2)
..Declaration
....Void
....Id(b)
..FuncDeclaration
....Int
....Id(test)
....ParamList
......ParamDeclaration
........Void
........Id(a)
......ParamDeclaration
........Int
..FuncDeclaration
....Void
....Id(new)
....ParamList
......ParamDeclaration
........Void
