declare i32 @putchar(...)
declare i32 @getchar(...)

@b = global double 0.000000e+00
@a = global i32 (null)

define i32 @main() {
	ret i32 0
}
