INT
ID(main)
LPAR
VOID
RPAR
LBRACE
INT
Line 2, col 9: illegal character (#)
ASSIGN
INTLIT(223)
SEMI
INT
ID(var)
ASSIGN
INTLIT(0)
SEMI
IF
LPAR
ID(var)
LT
INTLIT(1)
RPAR
LBRACE
RETURN
INTLIT(0)
SEMI
RBRACE
ELSE
LBRACE
RETURN
INTLIT(1)
SEMI
RBRACE
RBRACE
