Program
..Declaration
....Char
....Id(r)
....ChrLit('r')
..Declaration
....Char
....Id(b)
....ChrLit('b')
..Declaration
....Int
....Id(int2)
....IntLit(2)
..Declaration
....Int
....Id(int3)
....IntLit(3)
..Declaration
....Int
....Id(sum)
....Add
......Id(int2)
......Id(int3)
..Declaration
....Int
....Id(negative)
....Minus
......IntLit(5)
..Declaration
....Int
....Id(negative)
....Minus
......Id(int3)
..Declaration
....Int
....Id(intA)
....IntLit(1)
..Declaration
....Int
....Id(intB)
....Store
......Id(intA)
......IntLit(2)
..Declaration
....Int
....Id(intC)
....Id(intB)
..Declaration
....Int
....Id(intD)
....Add
......Add
........Id(intA)
........Id(intB)
......Id(intC)
..Declaration
....Double
....Id(doubleA)
....RealLit(1.0)
..Declaration
....Double
....Id(doubleB)
....Sub
......Id(doubleA)
......IntLit(2)
..Declaration
....Short
....Id(shortA)
....IntLit(2)
..Declaration
....Short
....Id(shortB)
....Add
......Minus
........Id(shortA)
......IntLit(5)
