INT
ID(main)
LPAR
VOID
RPAR
LBRACE
INT
ID(i)
ASSIGN
INTLIT(0)
SEMI
INT
ID(j)
SEMI
WHILE
LPAR
ID(i)
LT
INTLIT(32)
RPAR
LBRACE
ID(j)
ASSIGN
INTLIT(0)
SEMI
WHILE
LPAR
ID(j)
LT
INTLIT(32)
RPAR
LBRACE
IF
LPAR
ID(i)
BITWISEAND
ID(j)
RPAR
ID(putchar)
LPAR
CHRLIT(' ')
RPAR
SEMI
ELSE
ID(putchar)
LPAR
CHRLIT('+')
RPAR
SEMI
ID(j)
ASSIGN
ID(j)
PLUS
INTLIT(1)
SEMI
RBRACE
ID(i)
ASSIGN
ID(i)
PLUS
INTLIT(1)
SEMI
ID(putchar)
LPAR
CHRLIT('\n')
RPAR
SEMI
RBRACE
RETURN
INTLIT(0)
SEMI
RBRACE
