Program
..FuncDeclaration
....Void
....Id(soma)
....ParamDeclaration
......Id
......Id(a)
....ParamDeclaration
......Char
......Id(b)
..FuncDeclaration
....Void
....Id(subt)
....Id
....Char
....Double
..Declaration
....Id
....Id(a)
....Id(b)
....IntLit(5)
..Declaration
....Id
....Id(d)
....Id(c)
....IntLit(5)
..Declaration
....Double
....Id(t)
....Null
..FuncDefinition
....Id
....Id(chama)
....FuncBody
......If
........Eq
..........Id(o)
..........Id(e)
......Return
........Id(c)
......Call
........Id(chama)
........IntLit(4)
......Return
........Id(b)
..FuncDefinition
....Id
....Id(main)
....FuncBody
......Declaration
........Char
........Id(a)
........Null
......Declaration
........Id
........Id(b)
........Null
......Declaration
........Char
........Id(a)
........Null
......Store
........Id(a)
........IntLit(5)
......Eq
........Id(a)
........IntLit(5)
......Lt
........Id(a)
........IntLit(5)
......While
........Not
..........Id(a)
........If
..........IntLit(2)
......While
........Or
..........And
............Eq
..............Id(a)
..............IntLit(3)
............Lt
..............Id(b)
..............Id(a)
..........Lt
............Id(a)
............IntLit(3)
........StatList
..........Store
............Id(a)
............Id(b)
..........Store
............Id(b)
............IntLit(3)
..........While
............IntLit(1)
............StatList
..............Store
................Id(a)
................IntLit(0)
..........Store
............Id(c)
............IntLit(5)
......If
........And
..........Eq
............Id(a)
............IntLit(3)
..........BitWiseAnd
............Eq
..............Id(e)
..............IntLit(3)
............IntLit(5)
......Return
........Id(a)
