Line 1, col 1: unterminated char constant
Line 2, col 1: invalid char constant ('')
Line 2, col 4: invalid char constant ('')
Line 2, col 6: illegal character (")
Line 2, col 7: invalid char constant ('')
Line 2, col 9: illegal character (\)
Line 2, col 10: illegal character (\)
Line 2, col 11: invalid char constant ('')
Line 2, col 13: illegal character (\)
ID(o)
Line 2, col 15: unterminated char constant
