RESERVED([)
RESERVED(])
RESERVED(++)
RESERVED(--)
LT
LT
GT
GT
PLUS
ASSIGN
MINUS
ASSIGN
DIV
ASSIGN
MUL
ASSIGN
MOD
ASSIGN
LT
LE
GT
GE
BITWISEAND
ASSIGN
BITWISEXOR
ASSIGN
BITWISEOR
ASSIGN
