Program
..FuncDefinition
....Int
....Id(main)
....ParamList
......ParamDeclaration
........Void
....FuncBody
......Declaration
........Int
........Id(i)
........IntLit(0)
......Declaration
........Int
........Id(j)
......While
........Lt
..........Id(i)
..........IntLit(32)
........StatList
..........Store
............Id(j)
............IntLit(0)
..........While
............Lt
..............Id(j)
..............IntLit(32)
............StatList
..............If
................BitWiseAnd
..................Id(i)
..................Id(j)
................Call
..................Id(putchar)
..................ChrLit(' ')
................Call
..................Id(putchar)
..................ChrLit('+')
..............Store
................Id(j)
................Add
..................Id(j)
..................IntLit(1)
..........Store
............Id(i)
............Add
..............Id(i)
..............IntLit(1)
..........Call
............Id(putchar)
............ChrLit('\n')
......Return
........IntLit(0)
