Program
..FuncDefinition
....Int
....Id(main)
....ParamList
......ParamDeclaration
........Void
....FuncBody
......Store
........Id(a)
........IntLit(1)
......StatList
........Store
..........Id(a)
..........IntLit(1)
........Store
..........Id(b)
..........IntLit(2)
......StatList
........Store
..........Id(a)
..........IntLit(1)
........Store
..........Id(b)
..........IntLit(2)
........Store
..........Id(c)
..........IntLit(3)
......StatList
........Store
..........Id(a)
..........IntLit(1)
........Store
..........Id(b)
..........IntLit(2)
........Store
..........Id(c)
..........IntLit(3)
........Store
..........Id(d)
..........IntLit(4)
......Store
........Id(e)
........IntLit(4)
......Store
........Id(f)
........IntLit(5)
......If
........Id(a)
........Null
........StatList
..........Store
............Id(a)
............IntLit(1)
..........Store
............Id(b)
............IntLit(2)
......If
........Id(b)
........Null
........StatList
..........Store
............Id(x)
............IntLit(1)
..........Store
............Id(y)
............IntLit(2)
......If
........Id(c)
........Null
........Null
......If
........Id(d)
........StatList
..........Store
............Id(a)
............IntLit(1)
..........Store
............Id(b)
............IntLit(2)
..........Store
............Id(c)
............IntLit(3)
........Null
