a yes
b yes
c yes
d yes
e yes
f no
g yes
h yes
i no
j no
k yes
l no
m yes
n yes
o yes
p yes
q yes
r yes
s no
t no
u no
