ID(A)
ASSIGN
INTLIT(0011)
INTLIT(1100)
ID(B)
ASSIGN
INTLIT(0000)
INTLIT(1101)
ID(A)
BITWISEAND
ID(B)
ASSIGN
INTLIT(0000)
INTLIT(1100)
ID(A)
BITWISEOR
ID(B)
ASSIGN
INTLIT(0011)
INTLIT(1101)
ID(A)
BITWISEXOR
ID(B)
ASSIGN
INTLIT(0011)
INTLIT(0001)
IF
LPAR
ID(A)
GT
ID(B)
RPAR
LBRACE
ID(A)
PLUS
ASSIGN
INTLIT(1111)
INTLIT(0000)
SEMI
RBRACE
ELSE
IF
LPAR
ID(A)
LT
ID(B)
RPAR
LBRACE
ID(B)
MINUS
ASSIGN
INTLIT(0011)
INTLIT(0101)
Line 10, col 15: illegal character (:)
RBRACE
ELSE
IF
LPAR
ID(A)
ASSIGN
ID(B)
RPAR
LBRACE
ID(A)
DIV
ASSIGN
INTLIT(1010)
REALLIT(1010.)
RBRACE
MUL
DIV
DIV
MUL
ID(ab)
Line 17, col 3: illegal character (#)
ID(cde)
INTLIT(12)
Line 19, col 3: illegal character (@)
INTLIT(3)
ID(_31)
Line 19, col 8: illegal character ($)
ID(ABC)
ASSIGN
LPAR
INTLIT(10)
RPAR
MUL
INTLIT(10)
SEMI
ID(CBD)
ASSIGN
LPAR
INTLIT(420)
RPAR
DIV
INTLIT(69)
SEMI
ID(BBB)
ASSIGN
INTLIT(1)
MOD
INTLIT(1)
SEMI
ID(ABC)
RESERVED(++)
SEMI
ID(CBD)
RESERVED(--)
SEMI
ID(THC)
ASSIGN
ID(BBB)
GT
GT
ID(ABC)
SEMI
IF
LPAR
ID(THC)
NE
ID(CBD)
COMMA
RPAR
LBRACE
RBRACE
ELSE
IF
LPAR
ID(CBD)
EQ
ID(ABC)
RPAR
LBRACE
ID(THC)
MUL
ASSIGN
INTLIT(2)
BITWISEXOR
INTLIT(2)
SEMI
RBRACE
ID(a)
Line 36, col 2: illegal character (?)
ID(b)
OR
CHAR
ID(c)
RESERVED([)
INTLIT(1024)
RESERVED(])
SEMI
INT
ID(b)
ASSIGN
RESERVED(sizeof)
LPAR
ID(c)
RPAR
SEMI
