INT
ID(main)
LPAR
VOID
RPAR
LBRACE
INT
ID(i)
ASSIGN
INTLIT(0)
COMMA
ID(j)
ASSIGN
INTLIT(10)
COMMA
ID(a)
ASSIGN
INTLIT(01)
COMMA
ID(a0)
ASSIGN
MINUS
INTLIT(123456789)
COMMA
ID(a1)
SEMI
CHAR
ID(ch)
ASSIGN
CHRLIT('\\')
COMMA
ID(ch1)
ASSIGN
CHRLIT('\777')
COMMA
ID(ch2)
ASSIGN
Line 12, col 37: invalid char constant ('\\\'')
COMMA
ID(ch3)
SEMI
CHAR
ID(c_1h)
ASSIGN
CHRLIT('\111')
SEMI
DOUBLE
ID(k)
ASSIGN
Line 14, col 14: illegal character (.)
ID(e)
MINUS
INTLIT(23)
COMMA
ID(kk)
ASSIGN
MINUS
REALLIT(25.0)
COMMA
ID(kkk)
ASSIGN
REALLIT(999.E01)
COMMA
ID(_kkk_k)
ASSIGN
MINUS
REALLIT(1.01e+123)
SEMI
SHORT
ID(_var___10)
ASSIGN
INTLIT(10)
SEMI
DOUBLE
ID(fahr)
COMMA
ID(celsius)
SEMI
INT
ID(lower)
COMMA
ID(upper)
COMMA
ID(step)
SEMI
ID(putchar)
LPAR
ID(ch)
RPAR
SEMI
ID(putchar)
LPAR
CHRLIT('1')
RPAR
SEMI
ID(putchar)
LPAR
CHRLIT('\'')
RPAR
SEMI
ID(getchar)
LPAR
ID(ch3)
RPAR
SEMI
ID(putchar)
LPAR
CHRLIT('\n')
RPAR
SEMI
WHILE
LPAR
ID(i)
RPAR
LBRACE
ID(putchar)
LPAR
CHRLIT('0')
RPAR
SEMI
ID(putchar)
LPAR
CHRLIT('1')
RPAR
SEMI
IF
LPAR
ID(i)
RPAR
LBRACE
ID(putchar)
LPAR
CHRLIT('\n')
RPAR
ID(i)
ASSIGN
ID(i)
PLUS
INTLIT(0)
SEMI
ID(i)
ASSIGN
INTLIT(0)
MUL
ID(i)
SEMI
WHILE
LPAR
ID(i)
EQ
INTLIT(0)
RPAR
LBRACE
ID(i)
ASSIGN
ID(i)
PLUS
INTLIT(1)
SEMI
ID(putchar)
LPAR
CHRLIT('0')
RPAR
SEMI
RBRACE
RBRACE
ELSE
LBRACE
ID(putchar)
LPAR
CHRLIT('1')
RPAR
SEMI
RBRACE
RBRACE
ID(i)
ASSIGN
INTLIT(5050)
MINUS
ID(i)
SEMI
Line 42, col 5: illegal character ($)
Line 42, col 6: illegal character ($)
Line 42, col 7: illegal character ($)
ID(lower)
ASSIGN
INTLIT(0)
SEMI
ID(upper)
ASSIGN
INTLIT(300)
SEMI
ID(step)
ASSIGN
INTLIT(20)
SEMI
ID(fahr)
ASSIGN
ID(lower)
SEMI
WHILE
LPAR
ID(fahr)
LE
ID(upper)
RPAR
LBRACE
ID(celsius)
ASSIGN
LPAR
REALLIT(5.0)
DIV
REALLIT(9.0)
RPAR
MUL
LPAR
ID(fahr)
MINUS
INTLIT(32)
RPAR
SEMI
ID(fahr)
PLUS
ASSIGN
ID(step)
SEMI
RBRACE
ID(i)
ASSIGN
INTLIT(1)
SEMI
ID(_var___10)
ASSIGN
INTLIT(10)
MUL
ID(a)
PLUS
ID(a0)
MINUS
ID(i)
MINUS
ID(i)
SEMI
WHILE
LPAR
RPAR
LBRACE
ID(i)
ASSIGN
ID(i)
PLUS
ID(i)
SEMI
ID(i)
RESERVED(++)
SEMI
ID(i)
RESERVED(--)
SEMI
IF
LPAR
ID(i)
LT
INTLIT(0)
RPAR
LBRACE
ID(i)
ASSIGN
ID(i)
PLUS
INTLIT(2)
SEMI
RBRACE
ELSE
LBRACE
ID(i)
ASSIGN
ID(i)
MINUS
INTLIT(2)
SEMI
RESERVED(break)
SEMI
RBRACE
RBRACE
RETURN
INTLIT(0)
SEMI
RBRACE
VOID
ID(teste)
LPAR
INT
RPAR
LBRACE
INT
ID(a_b)
ASSIGN
INTLIT(0)
SEMI
SHORT
ID(lim3)
ASSIGN
INTLIT(50)
SEMI
WHILE
LPAR
ID(a_b)
LT
ID(lim3)
RPAR
ID(a_b)
ASSIGN
ID(lim3)
PLUS
INTLIT(00000)
SEMI
IF
LPAR
ID(a_b)
EQ
INTLIT(50)
RPAR
LBRACE
RETURN
INTLIT(50)
SEMI
RBRACE
ELSE
RETURN
INTLIT(0)
SEMI
RBRACE
