INT
ID(a)
ASSIGN
INTLIT(1)
COMMA
ID(b)
COMMA
ID(c)
ASSIGN
INTLIT(2)
SEMI
ID(john)
VOID
ID(a)
LPAR
RPAR
SEMI
